// Jest Snapshot v1, https://goo.gl/fbAQLP

exports[`should render component 1`] = `
Object {
  "asFragment": [Function],
  "baseElement": <body>
    <div>
      <div
        class="page-header w-100"
      >
        <div
          class="row"
        >
          <div
            class="col-3 col-md-2 col-lg-1"
          >
            <img
              src="pl-logo.png"
            />
          </div>
          <div
            class="col-6 col-md-6"
          >
            <div
              class="row"
            >
              Premier League
            </div>
            <div
              class="row matchday-description"
            >
              Matchday 10 of 38
            </div>
          </div>
        </div>
        <div
          class="row"
        >
          <div
            class="col-md-12 justify-content-between mt-4"
          >
            <div
              class="row flex-nowrap overflow-auto ml-1"
            >
              <a
                href="/content"
              >
                <div
                  class="border-bottom border-white item"
                >
                  matches
                </div>
              </a>
              <a
                href="/content"
              >
                <div
                  class="item"
                >
                  news
                </div>
              </a>
              <a
                href="/content"
              >
                <div
                  class="item"
                >
                  standings
                </div>
              </a>
              <a
                href="/content"
              >
                <div
                  class="item"
                >
                  stats
                </div>
              </a>
              <a
                href="/content"
              >
                <div
                  class="item"
                >
                  players
                </div>
              </a>
            </div>
          </div>
        </div>
      </div>
    </div>
  </body>,
  "container": <div>
    <div
      class="page-header w-100"
    >
      <div
        class="row"
      >
        <div
          class="col-3 col-md-2 col-lg-1"
        >
          <img
            src="pl-logo.png"
          />
        </div>
        <div
          class="col-6 col-md-6"
        >
          <div
            class="row"
          >
            Premier League
          </div>
          <div
            class="row matchday-description"
          >
            Matchday 10 of 38
          </div>
        </div>
      </div>
      <div
        class="row"
      >
        <div
          class="col-md-12 justify-content-between mt-4"
        >
          <div
            class="row flex-nowrap overflow-auto ml-1"
          >
            <a
              href="/content"
            >
              <div
                class="border-bottom border-white item"
              >
                matches
              </div>
            </a>
            <a
              href="/content"
            >
              <div
                class="item"
              >
                news
              </div>
            </a>
            <a
              href="/content"
            >
              <div
                class="item"
              >
                standings
              </div>
            </a>
            <a
              href="/content"
            >
              <div
                class="item"
              >
                stats
              </div>
            </a>
            <a
              href="/content"
            >
              <div
                class="item"
              >
                players
              </div>
            </a>
          </div>
        </div>
      </div>
    </div>
  </div>,
  "debug": [Function],
  "findAllByAltText": [Function],
  "findAllByDisplayValue": [Function],
  "findAllByLabelText": [Function],
  "findAllByPlaceholderText": [Function],
  "findAllByRole": [Function],
  "findAllByTestId": [Function],
  "findAllByText": [Function],
  "findAllByTitle": [Function],
  "findByAltText": [Function],
  "findByDisplayValue": [Function],
  "findByLabelText": [Function],
  "findByPlaceholderText": [Function],
  "findByRole": [Function],
  "findByTestId": [Function],
  "findByText": [Function],
  "findByTitle": [Function],
  "getAllByAltText": [Function],
  "getAllByDisplayValue": [Function],
  "getAllByLabelText": [Function],
  "getAllByPlaceholderText": [Function],
  "getAllByRole": [Function],
  "getAllByTestId": [Function],
  "getAllByText": [Function],
  "getAllByTitle": [Function],
  "getByAltText": [Function],
  "getByDisplayValue": [Function],
  "getByLabelText": [Function],
  "getByPlaceholderText": [Function],
  "getByRole": [Function],
  "getByTestId": [Function],
  "getByText": [Function],
  "getByTitle": [Function],
  "queryAllByAltText": [Function],
  "queryAllByDisplayValue": [Function],
  "queryAllByLabelText": [Function],
  "queryAllByPlaceholderText": [Function],
  "queryAllByRole": [Function],
  "queryAllByTestId": [Function],
  "queryAllByText": [Function],
  "queryAllByTitle": [Function],
  "queryByAltText": [Function],
  "queryByDisplayValue": [Function],
  "queryByLabelText": [Function],
  "queryByPlaceholderText": [Function],
  "queryByRole": [Function],
  "queryByTestId": [Function],
  "queryByText": [Function],
  "queryByTitle": [Function],
  "rerender": [Function],
  "unmount": [Function],
}
`;
