// Vitest Snapshot v1, https://vitest.dev/guide/snapshot.html

exports[`should render Menu component 1`] = `
{
  "asFragment": [Function],
  "baseElement": <body>
    <div>
      <div
        class="flex gap-4 overflow-auto justify-evenly"
      >
        <a
          class="text-decoration-none text-white uppercase border-b-0"
          data-discover="true"
          href="/content/matches"
        >
          matches
        </a>
        <a
          class="text-decoration-none text-white uppercase border-b-0"
          data-discover="true"
          href="/content/news"
        >
          news
        </a>
        <a
          class="text-decoration-none text-white uppercase border-b-0"
          data-discover="true"
          href="/content/standings"
        >
          standings
        </a>
        <a
          class="text-decoration-none text-white uppercase border-b-0"
          data-discover="true"
          href="/content/stats"
        >
          stats
        </a>
        <a
          class="text-decoration-none text-white uppercase border-b-0"
          data-discover="true"
          href="/content/players"
        >
          players
        </a>
      </div>
    </div>
  </body>,
  "container": <div>
    <div
      class="flex gap-4 overflow-auto justify-evenly"
    >
      <a
        class="text-decoration-none text-white uppercase border-b-0"
        data-discover="true"
        href="/content/matches"
      >
        matches
      </a>
      <a
        class="text-decoration-none text-white uppercase border-b-0"
        data-discover="true"
        href="/content/news"
      >
        news
      </a>
      <a
        class="text-decoration-none text-white uppercase border-b-0"
        data-discover="true"
        href="/content/standings"
      >
        standings
      </a>
      <a
        class="text-decoration-none text-white uppercase border-b-0"
        data-discover="true"
        href="/content/stats"
      >
        stats
      </a>
      <a
        class="text-decoration-none text-white uppercase border-b-0"
        data-discover="true"
        href="/content/players"
      >
        players
      </a>
    </div>
  </div>,
  "debug": [Function],
  "findAllByAltText": [Function],
  "findAllByDisplayValue": [Function],
  "findAllByLabelText": [Function],
  "findAllByPlaceholderText": [Function],
  "findAllByRole": [Function],
  "findAllByTestId": [Function],
  "findAllByText": [Function],
  "findAllByTitle": [Function],
  "findByAltText": [Function],
  "findByDisplayValue": [Function],
  "findByLabelText": [Function],
  "findByPlaceholderText": [Function],
  "findByRole": [Function],
  "findByTestId": [Function],
  "findByText": [Function],
  "findByTitle": [Function],
  "getAllByAltText": [Function],
  "getAllByDisplayValue": [Function],
  "getAllByLabelText": [Function],
  "getAllByPlaceholderText": [Function],
  "getAllByRole": [Function],
  "getAllByTestId": [Function],
  "getAllByText": [Function],
  "getAllByTitle": [Function],
  "getByAltText": [Function],
  "getByDisplayValue": [Function],
  "getByLabelText": [Function],
  "getByPlaceholderText": [Function],
  "getByRole": [Function],
  "getByTestId": [Function],
  "getByText": [Function],
  "getByTitle": [Function],
  "queryAllByAltText": [Function],
  "queryAllByDisplayValue": [Function],
  "queryAllByLabelText": [Function],
  "queryAllByPlaceholderText": [Function],
  "queryAllByRole": [Function],
  "queryAllByTestId": [Function],
  "queryAllByText": [Function],
  "queryAllByTitle": [Function],
  "queryByAltText": [Function],
  "queryByDisplayValue": [Function],
  "queryByLabelText": [Function],
  "queryByPlaceholderText": [Function],
  "queryByRole": [Function],
  "queryByTestId": [Function],
  "queryByText": [Function],
  "queryByTitle": [Function],
  "rerender": [Function],
  "unmount": [Function],
}
`;
