// Vitest Snapshot v1, https://vitest.dev/guide/snapshot.html

exports[`should render ContentPage component 1`] = `
{
  "asFragment": [Function],
  "baseElement": <body>
    <div>
      <div>
        <div
          class="flex justify-between items-center bg-purple-900 text-white"
        >
          <div
            class="flex items-center"
          >
            <a
              data-discover="true"
              href="/"
            >
              <svg
                class="bi bi-arrow-left-short"
                fill="white"
                height="2em"
                viewBox="0 0 16 16"
                width="2em"
                xmlns="http://www.w3.org/2000/svg"
              >
                <path
                  d="M12 8a.5.5 0 0 1-.5.5H5.707l2.147 2.146a.5.5 0 0 1-.708.708l-3-3a.5.5 0 0 1 0-.708l3-3a.5.5 0 1 1 .708.708L5.707 7.5H11.5a.5.5 0 0 1 .5.5z"
                  fill-rule="evenodd"
                />
              </svg>
            </a>
            <div
              class="hidden md:block"
            >
              Premier League
            </div>
          </div>
          <div
            class="flex gap-4 overflow-auto justify-evenly"
          >
            <a
              class="text-decoration-none text-white text-uppercase border-b border-white hover:border-b-0"
              data-discover="true"
              href="/content/matches"
              id="0"
            >
              matches
            </a>
            <a
              class="text-decoration-none text-white text-uppercase border-b-0"
              data-discover="true"
              href="/content/news"
              id="1"
            >
              news
            </a>
            <a
              class="text-decoration-none text-white text-uppercase border-b-0"
              data-discover="true"
              href="/content/standings"
              id="2"
            >
              standings
            </a>
            <a
              class="text-decoration-none text-white text-uppercase border-b-0"
              data-discover="true"
              href="/content/stats"
              id="3"
            >
              stats
            </a>
            <a
              class="text-decoration-none text-white text-uppercase border-b-0"
              data-discover="true"
              href="/content/players"
              id="4"
            >
              players
            </a>
          </div>
          <a
            data-discover="true"
            href="/"
          >
            <span
              role="button"
            >
              <svg
                class="bi bi-x"
                fill="white"
                height="2em"
                viewBox="0 0 16 16"
                width="2em"
                xmlns="http://www.w3.org/2000/svg"
              >
                <path
                  d="M4.646 4.646a.5.5 0 0 1 .708 0L8 7.293l2.646-2.647a.5.5 0 0 1 .708.708L8.707 8l2.647 2.646a.5.5 0 0 1-.708.708L8 8.707l-2.646 2.647a.5.5 0 0 1-.708-.708L7.293 8 4.646 5.354a.5.5 0 0 1 0-.708z"
                  fill-rule="evenodd"
                />
              </svg>
            </span>
          </a>
        </div>
        <div>
          <div
            class="flex flex-col md:flex-row text-sm md:text-base"
          >
            <div
              class="md:w-1/2 border"
            >
              <div
                class="flex justify-between cursor-pointer hover:bg-gray-200"
              >
                <div
                  class="p-2 flex flex-col"
                >
                  <div
                    class="flex justify-center items-center gap-2 m-1 w-[200px]"
                  >
                    <img
                      class="w-[30px] h-[30px]"
                      src="/src/images/crystal-palace.png"
                    />
                    <div
                      class="w-[120px]"
                    >
                      Crystal Palace
                    </div>
                    <div>
                      0
                    </div>
                  </div>
                  <div
                    class="flex justify-center items-center gap-2 m-1 w-[200px]"
                  >
                    <img
                      class="w-[30px] h-[30px]"
                      src="/src/images/newcastle.png"
                    />
                    <div
                      class="w-[120px]"
                    >
                      Newcastle
                    </div>
                    <div>
                      2
                    </div>
                  </div>
                </div>
                <div
                  class="flex-1"
                >
                  <div
                    class="h-full flex flex-col justify-center items-center"
                  >
                    <div>
                      FT
                    </div>
                    <div>
                      Yesterday
                    </div>
                  </div>
                </div>
              </div>
            </div>
            <div
              class="md:w-1/2 border"
            >
              <div
                class="flex justify-between cursor-pointer hover:bg-gray-200"
              >
                <div
                  class="p-2 flex flex-col"
                >
                  <div
                    class="flex justify-center items-center gap-2 m-1 w-[200px]"
                  >
                    <img
                      class="w-[30px] h-[30px]"
                      src="/src/images/brighton.png"
                    />
                    <div
                      class="w-[120px]"
                    >
                      Brighton
                    </div>
                    <div>
                      1
                    </div>
                  </div>
                  <div
                    class="flex justify-center items-center gap-2 m-1 w-[200px]"
                  >
                    <img
                      class="w-[30px] h-[30px]"
                      src="/src/images/liverpool.png"
                    />
                    <div
                      class="w-[120px]"
                    >
                      Liverpool
                    </div>
                    <div>
                      3
                    </div>
                  </div>
                </div>
                <div
                  class="flex-1"
                >
                  <div
                    class="h-full flex flex-col justify-center items-center"
                  >
                    <div>
                      FT
                    </div>
                    <div>
                      Yesterday
                    </div>
                  </div>
                </div>
              </div>
            </div>
          </div>
        </div>
      </div>
    </div>
  </body>,
  "container": <div>
    <div>
      <div
        class="flex justify-between items-center bg-purple-900 text-white"
      >
        <div
          class="flex items-center"
        >
          <a
            data-discover="true"
            href="/"
          >
            <svg
              class="bi bi-arrow-left-short"
              fill="white"
              height="2em"
              viewBox="0 0 16 16"
              width="2em"
              xmlns="http://www.w3.org/2000/svg"
            >
              <path
                d="M12 8a.5.5 0 0 1-.5.5H5.707l2.147 2.146a.5.5 0 0 1-.708.708l-3-3a.5.5 0 0 1 0-.708l3-3a.5.5 0 1 1 .708.708L5.707 7.5H11.5a.5.5 0 0 1 .5.5z"
                fill-rule="evenodd"
              />
            </svg>
          </a>
          <div
            class="hidden md:block"
          >
            Premier League
          </div>
        </div>
        <div
          class="flex gap-4 overflow-auto justify-evenly"
        >
          <a
            class="text-decoration-none text-white text-uppercase border-b border-white hover:border-b-0"
            data-discover="true"
            href="/content/matches"
            id="0"
          >
            matches
          </a>
          <a
            class="text-decoration-none text-white text-uppercase border-b-0"
            data-discover="true"
            href="/content/news"
            id="1"
          >
            news
          </a>
          <a
            class="text-decoration-none text-white text-uppercase border-b-0"
            data-discover="true"
            href="/content/standings"
            id="2"
          >
            standings
          </a>
          <a
            class="text-decoration-none text-white text-uppercase border-b-0"
            data-discover="true"
            href="/content/stats"
            id="3"
          >
            stats
          </a>
          <a
            class="text-decoration-none text-white text-uppercase border-b-0"
            data-discover="true"
            href="/content/players"
            id="4"
          >
            players
          </a>
        </div>
        <a
          data-discover="true"
          href="/"
        >
          <span
            role="button"
          >
            <svg
              class="bi bi-x"
              fill="white"
              height="2em"
              viewBox="0 0 16 16"
              width="2em"
              xmlns="http://www.w3.org/2000/svg"
            >
              <path
                d="M4.646 4.646a.5.5 0 0 1 .708 0L8 7.293l2.646-2.647a.5.5 0 0 1 .708.708L8.707 8l2.647 2.646a.5.5 0 0 1-.708.708L8 8.707l-2.646 2.647a.5.5 0 0 1-.708-.708L7.293 8 4.646 5.354a.5.5 0 0 1 0-.708z"
                fill-rule="evenodd"
              />
            </svg>
          </span>
        </a>
      </div>
      <div>
        <div
          class="flex flex-col md:flex-row text-sm md:text-base"
        >
          <div
            class="md:w-1/2 border"
          >
            <div
              class="flex justify-between cursor-pointer hover:bg-gray-200"
            >
              <div
                class="p-2 flex flex-col"
              >
                <div
                  class="flex justify-center items-center gap-2 m-1 w-[200px]"
                >
                  <img
                    class="w-[30px] h-[30px]"
                    src="/src/images/crystal-palace.png"
                  />
                  <div
                    class="w-[120px]"
                  >
                    Crystal Palace
                  </div>
                  <div>
                    0
                  </div>
                </div>
                <div
                  class="flex justify-center items-center gap-2 m-1 w-[200px]"
                >
                  <img
                    class="w-[30px] h-[30px]"
                    src="/src/images/newcastle.png"
                  />
                  <div
                    class="w-[120px]"
                  >
                    Newcastle
                  </div>
                  <div>
                    2
                  </div>
                </div>
              </div>
              <div
                class="flex-1"
              >
                <div
                  class="h-full flex flex-col justify-center items-center"
                >
                  <div>
                    FT
                  </div>
                  <div>
                    Yesterday
                  </div>
                </div>
              </div>
            </div>
          </div>
          <div
            class="md:w-1/2 border"
          >
            <div
              class="flex justify-between cursor-pointer hover:bg-gray-200"
            >
              <div
                class="p-2 flex flex-col"
              >
                <div
                  class="flex justify-center items-center gap-2 m-1 w-[200px]"
                >
                  <img
                    class="w-[30px] h-[30px]"
                    src="/src/images/brighton.png"
                  />
                  <div
                    class="w-[120px]"
                  >
                    Brighton
                  </div>
                  <div>
                    1
                  </div>
                </div>
                <div
                  class="flex justify-center items-center gap-2 m-1 w-[200px]"
                >
                  <img
                    class="w-[30px] h-[30px]"
                    src="/src/images/liverpool.png"
                  />
                  <div
                    class="w-[120px]"
                  >
                    Liverpool
                  </div>
                  <div>
                    3
                  </div>
                </div>
              </div>
              <div
                class="flex-1"
              >
                <div
                  class="h-full flex flex-col justify-center items-center"
                >
                  <div>
                    FT
                  </div>
                  <div>
                    Yesterday
                  </div>
                </div>
              </div>
            </div>
          </div>
        </div>
      </div>
    </div>
  </div>,
  "debug": [Function],
  "findAllByAltText": [Function],
  "findAllByDisplayValue": [Function],
  "findAllByLabelText": [Function],
  "findAllByPlaceholderText": [Function],
  "findAllByRole": [Function],
  "findAllByTestId": [Function],
  "findAllByText": [Function],
  "findAllByTitle": [Function],
  "findByAltText": [Function],
  "findByDisplayValue": [Function],
  "findByLabelText": [Function],
  "findByPlaceholderText": [Function],
  "findByRole": [Function],
  "findByTestId": [Function],
  "findByText": [Function],
  "findByTitle": [Function],
  "getAllByAltText": [Function],
  "getAllByDisplayValue": [Function],
  "getAllByLabelText": [Function],
  "getAllByPlaceholderText": [Function],
  "getAllByRole": [Function],
  "getAllByTestId": [Function],
  "getAllByText": [Function],
  "getAllByTitle": [Function],
  "getByAltText": [Function],
  "getByDisplayValue": [Function],
  "getByLabelText": [Function],
  "getByPlaceholderText": [Function],
  "getByRole": [Function],
  "getByTestId": [Function],
  "getByText": [Function],
  "getByTitle": [Function],
  "queryAllByAltText": [Function],
  "queryAllByDisplayValue": [Function],
  "queryAllByLabelText": [Function],
  "queryAllByPlaceholderText": [Function],
  "queryAllByRole": [Function],
  "queryAllByTestId": [Function],
  "queryAllByText": [Function],
  "queryAllByTitle": [Function],
  "queryByAltText": [Function],
  "queryByDisplayValue": [Function],
  "queryByLabelText": [Function],
  "queryByPlaceholderText": [Function],
  "queryByRole": [Function],
  "queryByTestId": [Function],
  "queryByText": [Function],
  "queryByTitle": [Function],
  "rerender": [Function],
  "unmount": [Function],
}
`;
